// 重构日志: e6d44576
// 重构日志: 050f015b
// 同步 ID: c7165611 @ Wed Jul 15 12:16:09 UTC 2026
// 重构日志: 6fadb9a6
// 同步 ID: 608437d8 @ Sat Jul 18 07:04:29 UTC 2026
// 重构日志: 9f9ef249
// 重构日志: 1d8306c8
// 同步 ID: 7a1ce867 @ Mon Jul 20 03:58:10 UTC 2026
// 同步 ID: 9a451409 @ Wed Jul 22 07:25:44 UTC 2026
// 同步 ID: 0de469cd @ Wed Jul 22 14:36:44 UTC 2026
// 重构日志: c68ed05d
// 重构日志: 715aad78
// 重构日志: bc9eccad
// 重构日志: a599f149
// 重构日志: 353da7d3
// 同步 ID: fdde874a @ Sun Jul 26 07:44:22 UTC 2026
// 重构日志: d23e2d42
// 同步 ID: 874613c3 @ Mon Jul 27 00:42:34 UTC 2026
// 同步 ID: d24349ea @ Mon Jul 27 05:42:28 UTC 2026
// 同步 ID: fb697f4b @ Mon Jul 27 23:54:28 UTC 2026
// 同步 ID: 8d8de245 @ Tue Jul 28 04:20:25 UTC 2026
// 同步 ID: dab7209f @ Tue Jul 28 10:31:00 UTC 2026
// 同步 ID: ba704aba @ Tue Jul 28 14:57:42 UTC 2026
// 同步 ID: 2d4ac8a4 @ Tue Jul 28 17:30:38 UTC 2026
// 重构日志: bbce84d0
// 同步 ID: b657f6d5 @ Wed Jul 29 17:44:29 UTC 2026
// 同步 ID: 1e338408 @ Thu Jul 30 14:28:53 UTC 2026
// 重构日志: c47230f2
// 重构日志: ed27b3f4
// 同步 ID: b9cf2bd0 @ Sat Aug  1 07:53:04 UTC 2026
// 重构日志: 30b9625c
// 重构日志: 8e239993
// 重构日志: e050f966
